[getnoze.com/index.html]
[backblue.gif]
[fade.gif]
[index.html]
[getnoze.com/wp-content/themes/noze/noze/assets/fonts/poppins.css]
[getnoze.com/wp-content/themes/noze/noze/style.css]
[getnoze.com/wp-content/themes/noze/noze/assets/css/fadeInUp.css]
[getnoze.com/index.html]
[getnoze.com/wp-content/themes/noze/noze/assets/img/favicon.svg]
[getnoze.com/wp-content/themes/noze/noze/assets/fonts/poppins.css]
[code.jquery.com/jquery-3.6.0.min.js]
[getnoze.com/wp-content/themes/noze/noze/assets/img/matters1.png]
[getnoze.com/wp-content/themes/noze/noze/assets/img/matters2.png]
[getnoze.com/wp-content/themes/noze/noze/assets/img/matters3.png]
[getnoze.com/wp-content/themes/noze/noze/assets/img/matters4.png]
[getnoze.com/wp-content/themes/noze/noze/assets/img/matters6.png]
[getnoze.com/wp-content/themes/noze/noze/assets/img/matters7.png]
[getnoze.com/wp-content/themes/noze/noze/assets/img/matters8.png]
[getnoze.com/wp-content/themes/noze/noze/assets/img/matters9.png]
[getnoze.com/wp-content/uploads/2021/07/matters10.png]
[getnoze.com/wp-content/themes/noze/noze/assets/img/review_bg1.jpg]
[getnoze.com/wp-content/themes/noze/noze/style.css]
[getnoze.com/wp-content/themes/noze/noze/assets/css/fadeInUp.css]
[getnoze.com/wp-content/themes/noze/noze/assets/img/lng-arrow.svg]
[getnoze.com/wp-content/themes/noze/noze/assets/img/matters10.html]
[getnoze.com/wp-content/themes/noze/noze/assets/img/mask.svg]
[getnoze.com/wp-content/themes/noze/noze/assets/img/ig_white.svg]
[getnoze.com/wp-content/themes/noze/noze/assets/img/carusel_arrow_active.svg]
[getnoze.com/wp-content/themes/noze/noze/assets/img/carusel_arrow_noactive.svg]
[getnoze.com/wp-content/themes/noze/noze/assets/img/accordion_close_icon.svg]
[getnoze.com/wp-content/themes/noze/noze/assets/img/accordion_open_icon.svg]
[getnoze.com/wp-content/themes/noze/noze/assets/img/mask_mobile.svg]
